[2026-02-02T13:17:33.331Z] [telegram] 1695944883: Camera Video
[2026-02-02T13:20:30.911Z] [telegram] 1695944883: Camera Start
[2026-02-02T13:20:54.466Z] [telegram] 1695944883: Camera Start
[2026-02-02T13:21:18.859Z] [telegram] 1695944883: Camera Start
[2026-02-02T13:21:31.273Z] [telegram] 1695944883: Camera
[2026-02-02T13:21:41.305Z] [telegram] 1695944883: Camera
[2026-02-02T13:21:53.946Z] [telegram] 1695944883: Camera
[2026-02-02T13:22:26.269Z] [telegram] 1695944883: Camera
[2026-02-02T13:22:31.757Z] [telegram] 1695944883: Camera
[2026-02-02T13:22:56.854Z] [telegram] 1695944883: Camera
[2026-02-02T13:23:05.462Z] [telegram] 1695944883: camera start
[2026-02-02T13:23:47.957Z] [telegram] 1695944883: Camera start
[2026-02-02T13:24:27.537Z] [telegram] 1695944883: Camera Stop
[2026-02-02T13:26:39.089Z] [telegram] 1695944883: Camera
[2026-02-02T13:31:53.790Z] [telegram] 1695944883: camera stop
[2026-02-02T13:32:00.857Z] [telegram] 1695944883: camera start
[2026-02-02T13:52:15.750Z] [telegram] 1695944883: camera
[2026-02-02T13:52:23.757Z] [telegram] 1695944883: camera start
[2026-02-02T13:52:59.907Z] [telegram] 1695944883: news
[2026-02-02T13:53:10.404Z] [telegram] 1695944883: screenshot
[2026-02-02T13:53:30.930Z] [telegram] 1695944883: camera start
[2026-02-02T13:54:48.091Z] [telegram] 1695944883: camera start
[2026-02-02T13:55:57.869Z] [telegram] 1695944883: camera start
[2026-02-02T13:57:53.030Z] [telegram] 1695944883: \gTrack
[2026-02-02T13:57:58.570Z] [telegram] 1695944883: \gTrack
[2026-02-02T13:58:56.557Z] [web] __1: \gTrack
[2026-02-02T14:04:21.858Z] [telegram] 1695944883: \gTrack
[2026-02-02T14:06:29.018Z] [telegram] 1695944883: \gTrack`
[2026-02-02T14:10:21.231Z] [web] __1: \cd gTrack
[2026-02-02T14:11:04.590Z] [web] __1: \list
[2026-02-02T14:11:10.933Z] [telegram] 1695944883: \gTrack
[2026-02-02T14:11:24.829Z] [telegram] 1695944883: \write newfile.js
[2026-02-03T01:30:19.427Z] [web] __1: \viber
[2026-02-03T01:32:34.701Z] [web] __1: \viber
[2026-02-03T01:32:53.702Z] [web] __1: \viber_contacts
[2026-02-03T01:33:36.872Z] [web] __1: \viber_send user1 Hello from ZawgyiAI Viber testing!
[2026-02-03T01:33:45.382Z] [web] __1: \viber_messages
[2026-02-03T01:33:56.595Z] [telegram] 1695944883: Came
[2026-02-03T01:34:00.482Z] [telegram] 1695944883: Camera
[2026-02-03T01:34:09.873Z] [telegram] 1695944883: Camera start
[2026-02-03T01:34:16.934Z] [web] __1: \viber_online
[2026-02-03T01:34:54.621Z] [telegram] 1695944883: Camera start
[2026-02-03T01:35:01.012Z] [telegram] 1695944883: Camera start
[2026-02-03T01:35:13.645Z] [telegram] 1695944883: Camera
[2026-02-03T01:35:31.744Z] [telegram] 1695944883: Screenshot
[2026-02-03T01:43:59.788Z] [web] __1: help
[2026-02-03T01:44:19.704Z] [web] __1: \pwd
[2026-02-03T01:44:29.998Z] [web] __1: \viber_contacts
[2026-02-03T01:48:14.244Z] [web] __1: \list
[2026-02-03T01:48:42.134Z] [web] __1: what time is it
[2026-02-03T01:49:00.230Z] [web] __1: test discord
[2026-02-03T01:49:10.338Z] [web] __1: create agent
[2026-02-03T01:49:44.127Z] [web] __1: tell me a joke
[2026-02-03T01:49:56.535Z] [web] __1: bitcoin price
[2026-02-03T01:51:05.992Z] [web] __1: what time is it
[2026-02-03T01:51:11.051Z] [web] __1: camera status
[2026-02-03T01:51:26.022Z] [web] __1: create agent
[2026-02-03T01:51:36.411Z] [web] __1: \viber_contacts
[2026-02-03T01:53:18.532Z] [web] __1: what time is it
[2026-02-03T01:53:23.358Z] [web] __1: camera status
[2026-02-03T01:53:33.493Z] [web] __1: create agent
[2026-02-03T01:53:39.123Z] [web] __1: \viber_contacts
[2026-02-03T01:54:10.119Z] [web] __1: what time is it
[2026-02-03T01:54:14.325Z] [web] __1: camera status
[2026-02-03T01:54:22.353Z] [web] __1: create agent
[2026-02-03T01:54:27.274Z] [web] __1: \viber_contacts
[2026-02-03T01:54:37.322Z] [web] __1: what time is it
[2026-02-03T01:54:41.707Z] [web] __1: camera status
[2026-02-03T01:54:50.886Z] [web] __1: create agent
[2026-02-03T01:54:57.013Z] [web] __1: \viber_contacts
[2026-02-03T01:55:07.055Z] [web] __1: what time is it
[2026-02-03T01:55:11.324Z] [web] __1: camera status
[2026-02-03T01:55:20.723Z] [web] __1: create agent
[2026-02-03T01:55:26.341Z] [web] __1: \viber_contacts
[2026-02-03T01:55:36.522Z] [web] __1: what time is it
[2026-02-03T01:55:40.033Z] [web] __1: camera status
[2026-02-03T01:55:49.337Z] [web] __1: create agent
[2026-02-03T01:56:00.387Z] [web] __1: \viber_contacts
[2026-02-03T01:56:10.433Z] [web] __1: what time is it
[2026-02-03T01:56:14.454Z] [web] __1: camera status
[2026-02-03T01:56:22.686Z] [web] __1: create agent
[2026-02-03T01:56:29.061Z] [web] __1: \viber_contacts
[2026-02-03T01:56:39.165Z] [web] __1: what time is it
[2026-02-03T01:56:43.607Z] [web] __1: camera status
[2026-02-03T01:56:53.595Z] [web] __1: create agent
[2026-02-03T01:56:59.611Z] [web] __1: \viber_contacts
[2026-02-03T01:57:09.654Z] [web] __1: what time is it
[2026-02-03T01:57:13.410Z] [web] __1: camera status
[2026-02-03T01:57:17.866Z] [web] __1: create agent
[2026-02-03T01:57:23.728Z] [web] __1: \viber_contacts
[2026-02-03T01:57:33.773Z] [web] __1: what time is it
[2026-02-03T01:57:37.989Z] [web] __1: camera status
[2026-02-03T01:57:46.540Z] [web] __1: create agent
[2026-02-03T01:57:52.583Z] [web] __1: \viber_contacts
[2026-02-03T01:58:02.628Z] [web] __1: what time is it
[2026-02-03T01:58:06.845Z] [web] __1: camera status
[2026-02-03T01:58:15.399Z] [web] __1: create agent
[2026-02-03T01:58:22.413Z] [web] __1: \viber_contacts
[2026-02-03T01:58:32.464Z] [web] __1: what time is it
[2026-02-03T01:58:36.016Z] [web] __1: camera status
[2026-02-03T01:59:07.030Z] [web] __1: create agent
[2026-02-03T01:59:18.335Z] [web] __1: \viber_contacts
[2026-02-03T01:59:28.373Z] [web] __1: what time is it
[2026-02-03T01:59:32.535Z] [web] __1: camera status
[2026-02-03T01:59:44.581Z] [web] __1: create agent
[2026-02-03T01:59:53.823Z] [web] __1: \viber_contacts
[2026-02-03T02:00:03.863Z] [web] __1: what time is it
[2026-02-03T02:00:08.237Z] [web] __1: camera status
[2026-02-03T02:00:21.415Z] [web] __1: create agent
[2026-02-03T02:00:31.860Z] [web] __1: \viber_contacts
[2026-02-03T02:00:41.904Z] [web] __1: what time is it
[2026-02-03T02:00:46.354Z] [web] __1: camera status
[2026-02-03T02:00:59.545Z] [web] __1: create agent
[2026-02-03T02:01:09.520Z] [web] __1: \viber_contacts
[2026-02-03T02:02:19.889Z] [web] __1: what time is it
[2026-02-03T02:02:26.034Z] [web] __1: camera status
[2026-02-03T02:02:42.077Z] [web] __1: create agent
[2026-02-03T02:02:52.538Z] [web] __1: \viber_contacts
[2026-02-03T02:03:02.590Z] [web] __1: what time is it
[2026-02-03T02:03:06.676Z] [web] __1: camera status
[2026-02-03T02:03:18.588Z] [web] __1: create agent
[2026-02-03T02:03:33.318Z] [web] __1: \viber_contacts
